2026-08-09 08:46:47.573 +06:00 [INF] [Microsoft.Hosting.Lifetime] Now listening on: http://localhost:5000
2026-08-09 08:46:47.596 +06:00 [INF] [Microsoft.Hosting.Lifetime] Application started. Press Ctrl+C to shut down.
2026-08-09 08:46:47.596 +06:00 [INF] [Microsoft.Hosting.Lifetime] Hosting environment: Production
2026-08-09 08:46:47.596 +06:00 [INF] [Microsoft.Hosting.Lifetime] Content root path: C:\Users\Tarek\Desktop\assignment\src\AssignmentManagement.Api
2026-08-09 08:47:35.014 +06:00 [WRN] [Microsoft.AspNetCore.HttpsPolicy.HttpsRedirectionMiddleware] Failed to determine the https port for redirect.
2026-08-09 08:47:35.090 +06:00 [INF] [AssignmentManagement.Application.Services.AuthService] Login attempt received for email 'teacher3@school.edu.bd' (length 12)
2026-08-09 08:47:35.308 +06:00 [INF] [AssignmentManagement.Application.Services.AuthService] User 4 (teacher3@school.edu.bd) logged in successfully with role "Teacher"
2026-08-09 08:54:11.067 +06:00 [INF] [AssignmentManagement.Application.Services.AuthService] User 4 (teacher3@school.edu.bd) logged out
2026-08-09 08:54:13.835 +06:00 [INF] [AssignmentManagement.Application.Services.AuthService] Login attempt received for email 'admin@school.edu.bd' (length 12)
2026-08-09 08:54:13.959 +06:00 [INF] [AssignmentManagement.Application.Services.AuthService] User 117 (admin@school.edu.bd) logged in successfully with role "Admin"
2026-08-09 08:54:41.879 +06:00 [INF] [AssignmentManagement.Application.Services.AuthService] User 117 (admin@school.edu.bd) logged out
2026-08-09 08:54:48.347 +06:00 [INF] [AssignmentManagement.Application.Services.AuthService] Login attempt received for email 'student100@school.edu.bd' (length 12)
2026-08-09 08:54:48.464 +06:00 [INF] [AssignmentManagement.Application.Services.AuthService] User 116 (student100@school.edu.bd) logged in successfully with role "Student"
2026-08-09 09:00:11.279 +06:00 [INF] [AssignmentManagement.Application.Services.AuthService] User 116 (student100@school.edu.bd) logged out
2026-08-09 09:01:14.965 +06:00 [INF] [AssignmentManagement.Application.Services.AuthService] Login attempt received for email 'student100@school.edu.bd' (length 12)
2026-08-09 09:01:15.083 +06:00 [INF] [AssignmentManagement.Application.Services.AuthService] User 116 (student100@school.edu.bd) logged in successfully with role "Student"
2026-08-09 09:04:58.637 +06:00 [INF] [AssignmentManagement.Application.Services.AuthService] User 116 (student100@school.edu.bd) logged out
2026-08-09 09:05:19.529 +06:00 [INF] [AssignmentManagement.Application.Services.AuthService] Login attempt received for email 'admin@schoo.edu.bd' (length 12)
2026-08-09 09:05:19.531 +06:00 [WRN] [AssignmentManagement.Application.Services.AuthService] Login failed: No user found for email 'admin@schoo.edu.bd'
2026-08-09 09:05:19.534 +06:00 [ERR] [AssignmentManagement.Api.Middleware.ExceptionMiddleware] Unhandled exception occurred while processing request POST /api/auth/login
System.UnauthorizedAccessException: Invalid email or password.
   at AssignmentManagement.Application.Services.AuthService.LoginAsync(LoginRequestDto request, CancellationToken cancellationToken) in C:\Users\Tarek\Desktop\assignment\src\AssignmentManagement.Application\Services\AuthService.cs:line 42
   at AssignmentManagement.Api.Controllers.AuthController.Login(LoginRequestDto request, CancellationToken cancellationToken) in C:\Users\Tarek\Desktop\assignment\src\AssignmentManagement.Api\Controllers\AuthController.cs:line 21
   at lambda_method152(Closure, Object)
   at Microsoft.AspNetCore.Mvc.Infrastructure.ActionMethodExecutor.AwaitableObjectResultExecutor.Execute(ActionContext actionContext, IActionResultTypeMapper mapper, ObjectMethodExecutor executor, Object controller, Object[] arguments)
   at Microsoft.AspNetCore.Mvc.Infrastructure.ControllerActionInvoker.<InvokeActionMethodAsync>g__Awaited|12_0(ControllerActionInvoker invoker, ValueTask`1 actionResultValueTask)
   at Microsoft.AspNetCore.Mvc.Infrastructure.ControllerActionInvoker.<InvokeNextActionFilterAsync>g__Awaited|10_0(ControllerActionInvoker invoker, Task lastTask, State next, Scope scope, Object state, Boolean isCompleted)
   at Microsoft.AspNetCore.Mvc.Infrastructure.ControllerActionInvoker.Rethrow(ActionExecutedContextSealed context)
   at Microsoft.AspNetCore.Mvc.Infrastructure.ControllerActionInvoker.Next(State& next, Scope& scope, Object& state, Boolean& isCompleted)
   at Microsoft.AspNetCore.Mvc.Infrastructure.ControllerActionInvoker.<InvokeInnerFilterAsync>g__Awaited|13_0(ControllerActionInvoker invoker, Task lastTask, State next, Scope scope, Object state, Boolean isCompleted)
   at Microsoft.AspNetCore.Mvc.Infrastructure.ResourceInvoker.<InvokeFilterPipelineAsync>g__Awaited|20_0(ResourceInvoker invoker, Task lastTask, State next, Scope scope, Object state, Boolean isCompleted)
   at Microsoft.AspNetCore.Mvc.Infrastructure.ResourceInvoker.<InvokeAsync>g__Awaited|17_0(ResourceInvoker invoker, Task task, IDisposable scope)
   at Microsoft.AspNetCore.Mvc.Infrastructure.ResourceInvoker.<InvokeAsync>g__Awaited|17_0(ResourceInvoker invoker, Task task, IDisposable scope)
   at Microsoft.AspNetCore.Authorization.AuthorizationMiddleware.Invoke(HttpContext context)
   at Microsoft.AspNetCore.Authentication.AuthenticationMiddleware.Invoke(HttpContext context)
   at Swashbuckle.AspNetCore.SwaggerUI.SwaggerUIMiddleware.Invoke(HttpContext httpContext)
   at Swashbuckle.AspNetCore.Swagger.SwaggerMiddleware.Invoke(HttpContext httpContext, ISwaggerProvider swaggerProvider)
   at AssignmentManagement.Api.Middleware.ExceptionMiddleware.InvokeAsync(HttpContext context) in C:\Users\Tarek\Desktop\assignment\src\AssignmentManagement.Api\Middleware\ExceptionMiddleware.cs:line 23
2026-08-09 09:05:38.028 +06:00 [INF] [AssignmentManagement.Application.Services.AuthService] Login attempt received for email 'student100@school.edu.bd' (length 12)
2026-08-09 09:05:38.147 +06:00 [INF] [AssignmentManagement.Application.Services.AuthService] User 116 (student100@school.edu.bd) logged in successfully with role "Student"
2026-08-09 09:05:39.556 +06:00 [INF] [AssignmentManagement.Application.Services.AuthService] User 116 (student100@school.edu.bd) logged out
2026-08-09 09:05:41.913 +06:00 [INF] [AssignmentManagement.Application.Services.AuthService] Login attempt received for email 'admin@school.edu.bd' (length 12)
2026-08-09 09:05:42.035 +06:00 [INF] [AssignmentManagement.Application.Services.AuthService] User 117 (admin@school.edu.bd) logged in successfully with role "Admin"
2026-08-09 09:05:50.615 +06:00 [INF] [AssignmentManagement.Application.Services.AuthService] User 117 (admin@school.edu.bd) logged out
2026-08-09 09:05:58.622 +06:00 [INF] [AssignmentManagement.Application.Services.AuthService] Login attempt received for email 'student77@school.edu.bd' (length 12)
2026-08-09 09:05:58.742 +06:00 [INF] [AssignmentManagement.Application.Services.AuthService] User 93 (student77@school.edu.bd) logged in successfully with role "Student"
2026-08-09 09:14:11.141 +06:00 [INF] [AssignmentManagement.Application.Services.AuthService] User 93 (student77@school.edu.bd) logged out
2026-08-09 09:14:55.819 +06:00 [INF] [AssignmentManagement.Application.Services.AuthService] Login attempt received for email 'student77@school.edu.bd' (length 12)
2026-08-09 09:14:55.941 +06:00 [INF] [AssignmentManagement.Application.Services.AuthService] User 93 (student77@school.edu.bd) logged in successfully with role "Student"
2026-08-09 09:15:09.653 +06:00 [INF] [AssignmentManagement.Application.Services.AuthService] User 93 (student77@school.edu.bd) logged out
2026-08-09 09:16:20.639 +06:00 [INF] [AssignmentManagement.Application.Services.AuthService] Login attempt received for email 'admin@school.edu.bd' (length 12)
2026-08-09 09:16:20.759 +06:00 [INF] [AssignmentManagement.Application.Services.AuthService] User 117 (admin@school.edu.bd) logged in successfully with role "Admin"
2026-08-09 09:18:01.294 +06:00 [INF] [AssignmentManagement.Application.Services.AuthService] User 117 (admin@school.edu.bd) logged out
2026-08-09 09:18:04.929 +06:00 [INF] [AssignmentManagement.Application.Services.AuthService] Login attempt received for email 'student77@school.edu.bd' (length 12)
2026-08-09 09:18:05.050 +06:00 [INF] [AssignmentManagement.Application.Services.AuthService] User 93 (student77@school.edu.bd) logged in successfully with role "Student"
2026-08-09 09:24:58.564 +06:00 [INF] [AssignmentManagement.Application.Services.AuthService] Login attempt received for email 'student77@school.edu.bd' (length 12)
2026-08-09 09:24:58.710 +06:00 [INF] [AssignmentManagement.Application.Services.AuthService] User 93 (student77@school.edu.bd) logged in successfully with role "Student"
2026-08-09 09:26:50.701 +06:00 [INF] [AssignmentManagement.Application.Services.AuthService] User 93 (student77@school.edu.bd) logged out
2026-08-09 09:26:53.481 +06:00 [INF] [AssignmentManagement.Application.Services.AuthService] Login attempt received for email 'student877@school.edu.bd' (length 12)
2026-08-09 09:26:53.482 +06:00 [WRN] [AssignmentManagement.Application.Services.AuthService] Login failed: No user found for email 'student877@school.edu.bd'
2026-08-09 09:26:53.483 +06:00 [ERR] [AssignmentManagement.Api.Middleware.ExceptionMiddleware] Unhandled exception occurred while processing request POST /api/auth/login
System.UnauthorizedAccessException: Invalid email or password.
   at AssignmentManagement.Application.Services.AuthService.LoginAsync(LoginRequestDto request, CancellationToken cancellationToken) in C:\Users\Tarek\Desktop\assignment\src\AssignmentManagement.Application\Services\AuthService.cs:line 42
   at AssignmentManagement.Api.Controllers.AuthController.Login(LoginRequestDto request, CancellationToken cancellationToken) in C:\Users\Tarek\Desktop\assignment\src\AssignmentManagement.Api\Controllers\AuthController.cs:line 21
   at lambda_method152(Closure, Object)
   at Microsoft.AspNetCore.Mvc.Infrastructure.ActionMethodExecutor.AwaitableObjectResultExecutor.Execute(ActionContext actionContext, IActionResultTypeMapper mapper, ObjectMethodExecutor executor, Object controller, Object[] arguments)
   at Microsoft.AspNetCore.Mvc.Infrastructure.ControllerActionInvoker.<InvokeActionMethodAsync>g__Awaited|12_0(ControllerActionInvoker invoker, ValueTask`1 actionResultValueTask)
   at Microsoft.AspNetCore.Mvc.Infrastructure.ControllerActionInvoker.<InvokeNextActionFilterAsync>g__Awaited|10_0(ControllerActionInvoker invoker, Task lastTask, State next, Scope scope, Object state, Boolean isCompleted)
   at Microsoft.AspNetCore.Mvc.Infrastructure.ControllerActionInvoker.Rethrow(ActionExecutedContextSealed context)
   at Microsoft.AspNetCore.Mvc.Infrastructure.ControllerActionInvoker.Next(State& next, Scope& scope, Object& state, Boolean& isCompleted)
   at Microsoft.AspNetCore.Mvc.Infrastructure.ControllerActionInvoker.<InvokeInnerFilterAsync>g__Awaited|13_0(ControllerActionInvoker invoker, Task lastTask, State next, Scope scope, Object state, Boolean isCompleted)
   at Microsoft.AspNetCore.Mvc.Infrastructure.ResourceInvoker.<InvokeFilterPipelineAsync>g__Awaited|20_0(ResourceInvoker invoker, Task lastTask, State next, Scope scope, Object state, Boolean isCompleted)
   at Microsoft.AspNetCore.Mvc.Infrastructure.ResourceInvoker.<InvokeAsync>g__Awaited|17_0(ResourceInvoker invoker, Task task, IDisposable scope)
   at Microsoft.AspNetCore.Mvc.Infrastructure.ResourceInvoker.<InvokeAsync>g__Awaited|17_0(ResourceInvoker invoker, Task task, IDisposable scope)
   at Microsoft.AspNetCore.Authorization.AuthorizationMiddleware.Invoke(HttpContext context)
   at Microsoft.AspNetCore.Authentication.AuthenticationMiddleware.Invoke(HttpContext context)
   at Swashbuckle.AspNetCore.SwaggerUI.SwaggerUIMiddleware.Invoke(HttpContext httpContext)
   at Swashbuckle.AspNetCore.Swagger.SwaggerMiddleware.Invoke(HttpContext httpContext, ISwaggerProvider swaggerProvider)
   at AssignmentManagement.Api.Middleware.ExceptionMiddleware.InvokeAsync(HttpContext context) in C:\Users\Tarek\Desktop\assignment\src\AssignmentManagement.Api\Middleware\ExceptionMiddleware.cs:line 23
2026-08-09 09:26:54.647 +06:00 [INF] [AssignmentManagement.Application.Services.AuthService] Login attempt received for email 'student87@school.edu.bd' (length 12)
2026-08-09 09:26:54.764 +06:00 [INF] [AssignmentManagement.Application.Services.AuthService] User 103 (student87@school.edu.bd) logged in successfully with role "Student"
2026-08-09 09:26:58.050 +06:00 [INF] [AssignmentManagement.Application.Services.AuthService] Login attempt received for email 'student77@school.edu.bd' (length 12)
2026-08-09 09:26:58.166 +06:00 [INF] [AssignmentManagement.Application.Services.AuthService] User 93 (student77@school.edu.bd) logged in successfully with role "Student"
2026-08-09 09:27:02.519 +06:00 [INF] [AssignmentManagement.Application.Services.AuthService] Login attempt received for email 'student97@school.edu.bd' (length 12)
2026-08-09 09:27:02.637 +06:00 [INF] [AssignmentManagement.Application.Services.AuthService] User 113 (student97@school.edu.bd) logged in successfully with role "Student"
2026-08-09 09:27:06.654 +06:00 [INF] [AssignmentManagement.Application.Services.AuthService] Login attempt received for email 'student87@school.edu.bd' (length 12)
2026-08-09 09:27:06.772 +06:00 [INF] [AssignmentManagement.Application.Services.AuthService] User 103 (student87@school.edu.bd) logged in successfully with role "Student"
2026-08-09 09:28:39.717 +06:00 [INF] [AssignmentManagement.Application.Services.AuthService] User 103 (student87@school.edu.bd) logged out
2026-08-09 09:28:49.759 +06:00 [INF] [AssignmentManagement.Application.Services.AuthService] Login attempt received for email 'teacher10@school.edu.bd' (length 12)
2026-08-09 09:28:49.880 +06:00 [INF] [AssignmentManagement.Application.Services.AuthService] User 11 (teacher10@school.edu.bd) logged in successfully with role "Teacher"
2026-08-09 09:28:58.548 +06:00 [INF] [AssignmentManagement.Application.Services.AuthService] User 11 (teacher10@school.edu.bd) logged out
2026-08-09 09:29:02.002 +06:00 [INF] [AssignmentManagement.Application.Services.AuthService] Login attempt received for email 'teacher3@school.edu.bd' (length 12)
2026-08-09 09:29:02.119 +06:00 [INF] [AssignmentManagement.Application.Services.AuthService] User 4 (teacher3@school.edu.bd) logged in successfully with role "Teacher"
2026-08-09 09:29:10.284 +06:00 [INF] [AssignmentManagement.Application.Services.AuthService] User 4 (teacher3@school.edu.bd) logged out
2026-08-09 09:29:11.928 +06:00 [INF] [AssignmentManagement.Application.Services.AuthService] Login attempt received for email 'teacher3@school.edu.bd' (length 12)
2026-08-09 09:29:12.047 +06:00 [INF] [AssignmentManagement.Application.Services.AuthService] User 4 (teacher3@school.edu.bd) logged in successfully with role "Teacher"
2026-08-09 09:29:13.588 +06:00 [INF] [AssignmentManagement.Application.Services.AuthService] User 4 (teacher3@school.edu.bd) logged out
2026-08-09 09:29:15.822 +06:00 [INF] [AssignmentManagement.Application.Services.AuthService] Login attempt received for email 'teacher10@school.edu.bd' (length 12)
2026-08-09 09:29:15.939 +06:00 [INF] [AssignmentManagement.Application.Services.AuthService] User 11 (teacher10@school.edu.bd) logged in successfully with role "Teacher"
2026-08-09 09:30:46.269 +06:00 [INF] [AssignmentManagement.Application.Services.AuthService] User 11 (teacher10@school.edu.bd) logged out
2026-08-09 09:38:00.777 +06:00 [INF] [AssignmentManagement.Application.Services.AuthService] Login attempt received for email 'teacher3@school.edu.bd' (length 12)
2026-08-09 09:38:00.934 +06:00 [INF] [AssignmentManagement.Application.Services.AuthService] User 4 (teacher3@school.edu.bd) logged in successfully with role "Teacher"
2026-08-09 10:00:48.468 +06:00 [INF] [AssignmentManagement.Application.Services.AuthService] User 4 (teacher3@school.edu.bd) logged out
2026-08-09 10:00:50.395 +06:00 [INF] [AssignmentManagement.Application.Services.AuthService] Login attempt received for email 'teacher3@school.edu.bd' (length 12)
2026-08-09 10:00:50.512 +06:00 [INF] [AssignmentManagement.Application.Services.AuthService] User 4 (teacher3@school.edu.bd) logged in successfully with role "Teacher"
2026-08-09 10:00:53.235 +06:00 [INF] [AssignmentManagement.Application.Services.AuthService] User 4 (teacher3@school.edu.bd) logged out
2026-08-09 10:01:57.464 +06:00 [INF] [AssignmentManagement.Application.Services.AuthService] Login attempt received for email 'teacher3@school.edu.bd' (length 12)
2026-08-09 10:01:57.584 +06:00 [INF] [AssignmentManagement.Application.Services.AuthService] User 4 (teacher3@school.edu.bd) logged in successfully with role "Teacher"
2026-08-09 16:08:30.148 +06:00 [INF] [Microsoft.Hosting.Lifetime] Now listening on: http://localhost:5000
2026-08-09 16:08:30.172 +06:00 [INF] [Microsoft.Hosting.Lifetime] Application started. Press Ctrl+C to shut down.
2026-08-09 16:08:30.173 +06:00 [INF] [Microsoft.Hosting.Lifetime] Hosting environment: Production
2026-08-09 16:08:30.174 +06:00 [INF] [Microsoft.Hosting.Lifetime] Content root path: C:\Users\Tarek\Desktop\assignment\src\AssignmentManagement.Api
2026-08-09 16:09:27.914 +06:00 [WRN] [Microsoft.AspNetCore.HttpsPolicy.HttpsRedirectionMiddleware] Failed to determine the https port for redirect.
2026-08-09 16:13:28.208 +06:00 [INF] [AssignmentManagement.Application.Services.AuthService] Tokens refreshed successfully for user 4 (teacher3@school.edu.bd)
2026-08-09 16:13:35.902 +06:00 [INF] [AssignmentManagement.Application.Services.AuthService] User 4 (teacher3@school.edu.bd) logged out
2026-08-09 16:13:37.093 +06:00 [INF] [AssignmentManagement.Application.Services.AuthService] Login attempt received for email 'teacher3@school.edu.bd' (length 12)
2026-08-09 16:13:37.279 +06:00 [INF] [AssignmentManagement.Application.Services.AuthService] User 4 (teacher3@school.edu.bd) logged in successfully with role "Teacher"
2026-08-09 16:13:38.550 +06:00 [INF] [AssignmentManagement.Application.Services.AuthService] User 4 (teacher3@school.edu.bd) logged out
2026-08-09 16:13:50.687 +06:00 [INF] [AssignmentManagement.Application.Services.AuthService] Login attempt received for email 'teacher3@school.edu.bd' (length 12)
2026-08-09 16:13:50.866 +06:00 [INF] [AssignmentManagement.Application.Services.AuthService] User 4 (teacher3@school.edu.bd) logged in successfully with role "Teacher"
2026-08-09 16:14:43.607 +06:00 [INF] [AssignmentManagement.Application.Services.AuthService] User 4 (teacher3@school.edu.bd) logged out
2026-08-09 16:14:44.559 +06:00 [INF] [AssignmentManagement.Application.Services.AuthService] Login attempt received for email 'teacher3@school.edu.bd' (length 12)
2026-08-09 16:14:44.680 +06:00 [INF] [AssignmentManagement.Application.Services.AuthService] User 4 (teacher3@school.edu.bd) logged in successfully with role "Teacher"
2026-08-09 16:14:57.221 +06:00 [INF] [AssignmentManagement.Application.Services.AuthService] User 4 (teacher3@school.edu.bd) logged out
2026-08-09 16:15:10.221 +06:00 [INF] [AssignmentManagement.Application.Services.AuthService] Login attempt received for email 'admin@school.edu.bd' (length 12)
2026-08-09 16:15:10.340 +06:00 [INF] [AssignmentManagement.Application.Services.AuthService] User 117 (admin@school.edu.bd) logged in successfully with role "Admin"
2026-08-09 16:18:53.734 +06:00 [INF] [AssignmentManagement.Application.Services.AuthService] User 117 (admin@school.edu.bd) logged out
2026-08-09 16:19:10.681 +06:00 [INF] [AssignmentManagement.Application.Services.AuthService] Login attempt received for email 'admin@school.edu.bd' (length 12)
2026-08-09 16:19:10.801 +06:00 [INF] [AssignmentManagement.Application.Services.AuthService] User 117 (admin@school.edu.bd) logged in successfully with role "Admin"
2026-08-09 16:20:13.205 +06:00 [INF] [AssignmentManagement.Application.Services.AuthService] User 117 (admin@school.edu.bd) logged out
2026-08-09 16:22:01.938 +06:00 [INF] [AssignmentManagement.Application.Services.AuthService] Login attempt received for email 'admin@school.edu.bd' (length 12)
2026-08-09 16:22:02.057 +06:00 [INF] [AssignmentManagement.Application.Services.AuthService] User 117 (admin@school.edu.bd) logged in successfully with role "Admin"
2026-08-09 16:24:53.110 +06:00 [INF] [AssignmentManagement.Application.Services.AuthService] User 117 (admin@school.edu.bd) logged out
2026-08-09 16:24:54.187 +06:00 [INF] [AssignmentManagement.Application.Services.AuthService] Login attempt received for email 'admin@school.edu.bd' (length 12)
2026-08-09 16:24:54.310 +06:00 [INF] [AssignmentManagement.Application.Services.AuthService] User 117 (admin@school.edu.bd) logged in successfully with role "Admin"
2026-08-09 16:32:10.181 +06:00 [INF] [AssignmentManagement.Application.Services.AuthService] User 117 (admin@school.edu.bd) logged out
2026-08-09 16:32:20.602 +06:00 [INF] [AssignmentManagement.Application.Services.AuthService] Login attempt received for email 'teacher3@school.edu.bd' (length 12)
2026-08-09 16:32:20.725 +06:00 [INF] [AssignmentManagement.Application.Services.AuthService] User 4 (teacher3@school.edu.bd) logged in successfully with role "Teacher"
2026-08-09 16:33:28.270 +06:00 [INF] [AssignmentManagement.Application.Services.SubmissionService] Submission 78 graded with 80/100 marks by User 4
2026-08-09 16:33:50.534 +06:00 [INF] [AssignmentManagement.Application.Services.AuthService] User 4 (teacher3@school.edu.bd) logged out
2026-08-09 16:33:55.728 +06:00 [INF] [AssignmentManagement.Application.Services.AuthService] Login attempt received for email 'admin@school.edu.bd' (length 12)
2026-08-09 16:33:55.848 +06:00 [INF] [AssignmentManagement.Application.Services.AuthService] User 117 (admin@school.edu.bd) logged in successfully with role "Admin"
2026-08-09 16:34:49.156 +06:00 [INF] [AssignmentManagement.Application.Services.AuthService] User 117 (admin@school.edu.bd) logged out
2026-08-09 16:34:50.080 +06:00 [INF] [AssignmentManagement.Application.Services.AuthService] Login attempt received for email 'admin@school.edu.bd' (length 12)
2026-08-09 16:34:50.205 +06:00 [INF] [AssignmentManagement.Application.Services.AuthService] User 117 (admin@school.edu.bd) logged in successfully with role "Admin"
2026-08-09 16:37:11.453 +06:00 [INF] [AssignmentManagement.Application.Services.AuthService] User 117 (admin@school.edu.bd) logged out
2026-08-09 16:37:12.512 +06:00 [INF] [AssignmentManagement.Application.Services.AuthService] Login attempt received for email 'admin@school.edu.bd' (length 12)
2026-08-09 16:37:12.635 +06:00 [INF] [AssignmentManagement.Application.Services.AuthService] User 117 (admin@school.edu.bd) logged in successfully with role "Admin"
2026-08-09 16:40:40.445 +06:00 [INF] [AssignmentManagement.Application.Services.AuthService] User 117 (admin@school.edu.bd) logged out
2026-08-09 16:40:41.218 +06:00 [INF] [AssignmentManagement.Application.Services.AuthService] Login attempt received for email 'admin@school.edu.bd' (length 12)
2026-08-09 16:40:41.339 +06:00 [INF] [AssignmentManagement.Application.Services.AuthService] User 117 (admin@school.edu.bd) logged in successfully with role "Admin"
2026-08-09 16:43:07.670 +06:00 [INF] [AssignmentManagement.Application.Services.AuthService] User 117 (admin@school.edu.bd) logged out
2026-08-09 16:43:13.891 +06:00 [INF] [AssignmentManagement.Application.Services.AuthService] Login attempt received for email 'admin@school.edu.bd' (length 12)
2026-08-09 16:43:14.010 +06:00 [INF] [AssignmentManagement.Application.Services.AuthService] User 117 (admin@school.edu.bd) logged in successfully with role "Admin"
2026-08-09 16:47:04.940 +06:00 [INF] [AssignmentManagement.Application.Services.AuthService] User 117 (admin@school.edu.bd) logged out
2026-08-09 16:47:05.859 +06:00 [INF] [AssignmentManagement.Application.Services.AuthService] Login attempt received for email 'admin@school.edu.bd' (length 12)
2026-08-09 16:47:05.978 +06:00 [INF] [AssignmentManagement.Application.Services.AuthService] User 117 (admin@school.edu.bd) logged in successfully with role "Admin"
2026-08-09 16:48:58.901 +06:00 [INF] [AssignmentManagement.Application.Services.AuthService] User 117 (admin@school.edu.bd) logged out
2026-08-09 16:51:02.386 +06:00 [INF] [AssignmentManagement.Application.Services.AuthService] Login attempt received for email 'admin@school.edu.bd' (length 12)
2026-08-09 16:51:02.507 +06:00 [INF] [AssignmentManagement.Application.Services.AuthService] User 117 (admin@school.edu.bd) logged in successfully with role "Admin"
2026-08-09 16:51:46.173 +06:00 [INF] [AssignmentManagement.Application.Services.AuthService] User 117 (admin@school.edu.bd) logged out
2026-08-09 16:51:56.956 +06:00 [INF] [AssignmentManagement.Application.Services.AuthService] Login attempt received for email 'tarekalam@gmail.com' (length 8)
2026-08-09 16:51:57.075 +06:00 [INF] [AssignmentManagement.Application.Services.AuthService] User 122 (tarekalam@gmail.com) logged in successfully with role "Teacher"
2026-08-09 16:52:49.437 +06:00 [INF] [AssignmentManagement.Application.Services.AuthService] User 122 (tarekalam@gmail.com) logged out
