2026-08-05 14:34:49.007 +06:00 [ERR] [Microsoft.Extensions.Hosting.Internal.Host] Hosting failed to start
System.IO.IOException: Failed to bind to address http://127.0.0.1:5000: address already in use.
 ---> Microsoft.AspNetCore.Connections.AddressInUseException: Only one usage of each socket address (protocol/network address/port) is normally permitted.
 ---> System.Net.Sockets.SocketException (10048): Only one usage of each socket address (protocol/network address/port) is normally permitted.
   at System.Net.Sockets.Socket.UpdateStatusAfterSocketErrorAndThrowException(SocketError error, Boolean disconnectOnFailure, String callerName)
   at System.Net.Sockets.Socket.DoBind(EndPoint endPointSnapshot, SocketAddress socketAddress)
   at System.Net.Sockets.Socket.Bind(EndPoint localEP)
   at Microsoft.AspNetCore.Server.Kestrel.Transport.Sockets.SocketTransportOptions.CreateDefaultBoundListenSocket(EndPoint endpoint)
   at Microsoft.AspNetCore.Server.Kestrel.Transport.Sockets.SocketConnectionListener.Bind()
   --- End of inner exception stack trace ---
   at Microsoft.AspNetCore.Server.Kestrel.Transport.Sockets.SocketConnectionListener.Bind()
   at Microsoft.AspNetCore.Server.Kestrel.Transport.Sockets.SocketTransportFactory.BindAsync(EndPoint endpoint, CancellationToken cancellationToken)
   at Microsoft.AspNetCore.Server.Kestrel.Core.Internal.Infrastructure.TransportManager.BindAsync(EndPoint endPoint, ConnectionDelegate connectionDelegate, EndpointConfig endpointConfig, CancellationToken cancellationToken)
   at Microsoft.AspNetCore.Server.Kestrel.Core.KestrelServerImpl.<>c__DisplayClass28_0`1.<<StartAsync>g__OnBind|0>d.MoveNext()
--- End of stack trace from previous location ---
   at Microsoft.AspNetCore.Server.Kestrel.Core.Internal.AddressBinder.BindEndpointAsync(ListenOptions endpoint, AddressBindContext context, CancellationToken cancellationToken)
   --- End of inner exception stack trace ---
   at Microsoft.AspNetCore.Server.Kestrel.Core.Internal.AddressBinder.BindEndpointAsync(ListenOptions endpoint, AddressBindContext context, CancellationToken cancellationToken)
   at Microsoft.AspNetCore.Server.Kestrel.Core.LocalhostListenOptions.BindAsync(AddressBindContext context, CancellationToken cancellationToken)
   at Microsoft.AspNetCore.Server.Kestrel.Core.Internal.AddressBinder.AddressesStrategy.BindAsync(AddressBindContext context, CancellationToken cancellationToken)
   at Microsoft.AspNetCore.Server.Kestrel.Core.KestrelServerImpl.BindAsync(CancellationToken cancellationToken)
   at Microsoft.AspNetCore.Server.Kestrel.Core.KestrelServerImpl.StartAsync[TContext](IHttpApplication`1 application, CancellationToken cancellationToken)
   at Microsoft.AspNetCore.Hosting.GenericWebHostService.StartAsync(CancellationToken cancellationToken)
   at Microsoft.Extensions.Hosting.Internal.Host.<StartAsync>b__14_1(IHostedService service, CancellationToken token)
   at Microsoft.Extensions.Hosting.Internal.Host.ForeachService[T](IEnumerable`1 services, CancellationToken token, Boolean concurrent, Boolean abortOnFirstException, List`1 exceptions, Func`3 operation)
2026-08-05 15:41:47.665 +06:00 [INF] [Microsoft.Hosting.Lifetime] Now listening on: http://localhost:5299
2026-08-05 15:41:47.697 +06:00 [INF] [Microsoft.Hosting.Lifetime] Application started. Press Ctrl+C to shut down.
2026-08-05 15:41:47.698 +06:00 [INF] [Microsoft.Hosting.Lifetime] Hosting environment: Production
2026-08-05 15:41:47.698 +06:00 [INF] [Microsoft.Hosting.Lifetime] Content root path: C:\Users\Tarek\Desktop\assignment\src\AssignmentManagement.Api
2026-08-05 15:41:51.169 +06:00 [WRN] [Microsoft.AspNetCore.HttpsPolicy.HttpsRedirectionMiddleware] Failed to determine the https port for redirect.
2026-08-05 15:43:55.214 +06:00 [INF] [Microsoft.Hosting.Lifetime] Now listening on: http://localhost:5299
2026-08-05 15:43:55.237 +06:00 [INF] [Microsoft.Hosting.Lifetime] Application started. Press Ctrl+C to shut down.
2026-08-05 15:43:55.238 +06:00 [INF] [Microsoft.Hosting.Lifetime] Hosting environment: Production
2026-08-05 15:43:55.238 +06:00 [INF] [Microsoft.Hosting.Lifetime] Content root path: C:\Users\Tarek\Desktop\assignment\src\AssignmentManagement.Api
2026-08-05 15:44:07.030 +06:00 [WRN] [Microsoft.AspNetCore.HttpsPolicy.HttpsRedirectionMiddleware] Failed to determine the https port for redirect.
2026-08-05 15:44:07.518 +06:00 [INF] [AssignmentManagement.Application.Services.AuthService] User 1 (admin@example.com) logged in successfully with role "Admin"
2026-08-05 15:45:01.023 +06:00 [INF] [Microsoft.Hosting.Lifetime] Now listening on: http://localhost:5299
2026-08-05 15:45:01.051 +06:00 [INF] [Microsoft.Hosting.Lifetime] Application started. Press Ctrl+C to shut down.
2026-08-05 15:45:01.052 +06:00 [INF] [Microsoft.Hosting.Lifetime] Hosting environment: Production
2026-08-05 15:45:01.052 +06:00 [INF] [Microsoft.Hosting.Lifetime] Content root path: C:\Users\Tarek\Desktop\assignment\src\AssignmentManagement.Api
2026-08-05 15:45:11.948 +06:00 [WRN] [Microsoft.AspNetCore.HttpsPolicy.HttpsRedirectionMiddleware] Failed to determine the https port for redirect.
2026-08-05 15:45:12.463 +06:00 [INF] [AssignmentManagement.Application.Services.AuthService] User 1 (admin@example.com) logged in successfully with role "Admin"
2026-08-05 15:46:24.640 +06:00 [INF] [Microsoft.Hosting.Lifetime] Now listening on: http://localhost:5299
2026-08-05 15:46:24.666 +06:00 [INF] [Microsoft.Hosting.Lifetime] Application started. Press Ctrl+C to shut down.
2026-08-05 15:46:24.667 +06:00 [INF] [Microsoft.Hosting.Lifetime] Hosting environment: Production
2026-08-05 15:46:24.667 +06:00 [INF] [Microsoft.Hosting.Lifetime] Content root path: C:\Users\Tarek\Desktop\assignment\src\AssignmentManagement.Api
2026-08-05 15:46:31.709 +06:00 [WRN] [Microsoft.AspNetCore.HttpsPolicy.HttpsRedirectionMiddleware] Failed to determine the https port for redirect.
2026-08-05 15:46:35.828 +06:00 [INF] [AssignmentManagement.Application.Services.AuthService] User 1 (admin@example.com) logged in successfully with role "Admin"
2026-08-05 15:48:03.838 +06:00 [INF] [Microsoft.Hosting.Lifetime] Now listening on: http://localhost:5000
2026-08-05 15:48:03.862 +06:00 [INF] [Microsoft.Hosting.Lifetime] Application started. Press Ctrl+C to shut down.
2026-08-05 15:48:03.862 +06:00 [INF] [Microsoft.Hosting.Lifetime] Hosting environment: Production
2026-08-05 15:48:03.863 +06:00 [INF] [Microsoft.Hosting.Lifetime] Content root path: C:\Users\Tarek\Desktop\assignment\src\AssignmentManagement.Api
2026-08-05 15:48:20.114 +06:00 [WRN] [Microsoft.AspNetCore.HttpsPolicy.HttpsRedirectionMiddleware] Failed to determine the https port for redirect.
2026-08-05 15:48:44.216 +06:00 [INF] [AssignmentManagement.Application.Services.AuthService] User 116 (student100@school.edu.bd) logged in successfully with role "Student"
2026-08-05 15:49:25.219 +06:00 [INF] [AssignmentManagement.Application.Services.AuthService] User 116 (student100@school.edu.bd) logged out
2026-08-05 15:49:27.552 +06:00 [INF] [AssignmentManagement.Application.Services.AuthService] User 1 (admin@example.com) logged in successfully with role "Admin"
2026-08-05 15:50:31.260 +06:00 [INF] [AssignmentManagement.Application.Services.AuthService] User 1 (admin@example.com) logged out
2026-08-05 15:50:35.415 +06:00 [INF] [AssignmentManagement.Application.Services.AuthService] User 27 (student11@school.edu.bd) logged in successfully with role "Student"
2026-08-05 15:50:47.646 +06:00 [INF] [AssignmentManagement.Application.Services.SubmissionService] Submission 386 uploaded for Assignment 28 by Student 11 (User 27)
2026-08-05 15:52:00.057 +06:00 [INF] [Microsoft.Hosting.Lifetime] Now listening on: http://localhost:5000
2026-08-05 15:52:00.080 +06:00 [INF] [Microsoft.Hosting.Lifetime] Application started. Press Ctrl+C to shut down.
2026-08-05 15:52:00.080 +06:00 [INF] [Microsoft.Hosting.Lifetime] Hosting environment: Production
2026-08-05 15:52:00.080 +06:00 [INF] [Microsoft.Hosting.Lifetime] Content root path: C:\Users\Tarek\Desktop\assignment\src\AssignmentManagement.Api
2026-08-05 15:52:01.054 +06:00 [WRN] [Microsoft.AspNetCore.HttpsPolicy.HttpsRedirectionMiddleware] Failed to determine the https port for redirect.
2026-08-05 15:52:14.261 +06:00 [INF] [AssignmentManagement.Application.Services.AuthService] User 27 (student11@school.edu.bd) logged out
2026-08-05 15:55:59.800 +06:00 [INF] [AssignmentManagement.Application.Services.AuthService] User 27 (student11@school.edu.bd) logged in successfully with role "Student"
2026-08-05 15:57:34.877 +06:00 [INF] [AssignmentManagement.Application.Services.AuthService] User 27 (student11@school.edu.bd) logged out
2026-08-05 15:58:10.679 +06:00 [INF] [AssignmentManagement.Application.Services.AuthService] User 27 (student11@school.edu.bd) logged in successfully with role "Student"
2026-08-05 15:58:14.271 +06:00 [INF] [AssignmentManagement.Application.Services.AuthService] User 27 (student11@school.edu.bd) logged in successfully with role "Student"
2026-08-05 15:59:02.493 +06:00 [INF] [AssignmentManagement.Application.Services.AuthService] User 27 (student11@school.edu.bd) logged out
2026-08-05 15:59:10.564 +06:00 [INF] [AssignmentManagement.Application.Services.AuthService] User 27 (student11@school.edu.bd) logged in successfully with role "Student"
2026-08-05 15:59:49.843 +06:00 [INF] [AssignmentManagement.Application.Services.AuthService] User 27 (student11@school.edu.bd) logged out
2026-08-05 16:00:03.410 +06:00 [INF] [AssignmentManagement.Application.Services.AuthService] User 27 (student11@school.edu.bd) logged in successfully with role "Student"
2026-08-05 16:02:55.940 +06:00 [INF] [AssignmentManagement.Application.Services.AuthService] User 27 (student11@school.edu.bd) logged out
2026-08-05 16:02:58.820 +06:00 [INF] [AssignmentManagement.Application.Services.AuthService] User 1 (admin@example.com) logged in successfully with role "Admin"
2026-08-05 16:05:54.006 +06:00 [INF] [AssignmentManagement.Application.Services.AuthService] User 1 (admin@example.com) logged out
2026-08-05 16:05:59.964 +06:00 [INF] [AssignmentManagement.Application.Services.AuthService] User 116 (student100@school.edu.bd) logged in successfully with role "Student"
2026-08-05 16:17:25.534 +06:00 [INF] [AssignmentManagement.Application.Services.AuthService] User 116 (student100@school.edu.bd) logged out
2026-08-05 16:17:36.212 +06:00 [INF] [AssignmentManagement.Application.Services.AuthService] User 1 (admin@example.com) logged in successfully with role "Admin"
2026-08-05 16:18:34.708 +06:00 [INF] [AssignmentManagement.Application.Services.AuthService] User 1 (admin@example.com) logged out
2026-08-05 16:18:36.050 +06:00 [INF] [AssignmentManagement.Application.Services.AuthService] User 1 (admin@example.com) logged in successfully with role "Admin"
2026-08-05 16:18:42.011 +06:00 [INF] [AssignmentManagement.Application.Services.AuthService] User 1 (admin@example.com) logged out
2026-08-05 16:18:49.078 +06:00 [WRN] [AssignmentManagement.Application.Services.AuthService] Failed login attempt for email teacher4@example.com
2026-08-05 16:18:49.079 +06:00 [ERR] [AssignmentManagement.Api.Middleware.ExceptionMiddleware] Unhandled exception occurred while processing request POST /api/auth/login
System.UnauthorizedAccessException: Invalid email or password.
   at AssignmentManagement.Application.Services.AuthService.LoginAsync(LoginRequestDto request, CancellationToken cancellationToken) in C:\Users\Tarek\Desktop\assignment\src\AssignmentManagement.Application\Services\AuthService.cs:line 37
   at AssignmentManagement.Api.Controllers.AuthController.Login(LoginRequestDto request, CancellationToken cancellationToken) in C:\Users\Tarek\Desktop\assignment\src\AssignmentManagement.Api\Controllers\AuthController.cs:line 21
   at lambda_method906(Closure, Object)
   at Microsoft.AspNetCore.Mvc.Infrastructure.ActionMethodExecutor.AwaitableObjectResultExecutor.Execute(ActionContext actionContext, IActionResultTypeMapper mapper, ObjectMethodExecutor executor, Object controller, Object[] arguments)
   at Microsoft.AspNetCore.Mvc.Infrastructure.ControllerActionInvoker.<InvokeActionMethodAsync>g__Awaited|12_0(ControllerActionInvoker invoker, ValueTask`1 actionResultValueTask)
   at Microsoft.AspNetCore.Mvc.Infrastructure.ControllerActionInvoker.<InvokeNextActionFilterAsync>g__Awaited|10_0(ControllerActionInvoker invoker, Task lastTask, State next, Scope scope, Object state, Boolean isCompleted)
   at Microsoft.AspNetCore.Mvc.Infrastructure.ControllerActionInvoker.Rethrow(ActionExecutedContextSealed context)
   at Microsoft.AspNetCore.Mvc.Infrastructure.ControllerActionInvoker.Next(State& next, Scope& scope, Object& state, Boolean& isCompleted)
   at Microsoft.AspNetCore.Mvc.Infrastructure.ControllerActionInvoker.<InvokeInnerFilterAsync>g__Awaited|13_0(ControllerActionInvoker invoker, Task lastTask, State next, Scope scope, Object state, Boolean isCompleted)
   at Microsoft.AspNetCore.Mvc.Infrastructure.ResourceInvoker.<InvokeFilterPipelineAsync>g__Awaited|20_0(ResourceInvoker invoker, Task lastTask, State next, Scope scope, Object state, Boolean isCompleted)
   at Microsoft.AspNetCore.Mvc.Infrastructure.ResourceInvoker.<InvokeAsync>g__Awaited|17_0(ResourceInvoker invoker, Task task, IDisposable scope)
   at Microsoft.AspNetCore.Mvc.Infrastructure.ResourceInvoker.<InvokeAsync>g__Awaited|17_0(ResourceInvoker invoker, Task task, IDisposable scope)
   at Microsoft.AspNetCore.Authorization.AuthorizationMiddleware.Invoke(HttpContext context)
   at Microsoft.AspNetCore.Authentication.AuthenticationMiddleware.Invoke(HttpContext context)
   at AssignmentManagement.Api.Middleware.ExceptionMiddleware.InvokeAsync(HttpContext context) in C:\Users\Tarek\Desktop\assignment\src\AssignmentManagement.Api\Middleware\ExceptionMiddleware.cs:line 23
2026-08-05 16:18:58.938 +06:00 [INF] [AssignmentManagement.Application.Services.AuthService] User 5 (teacher4@school.edu.bd) logged in successfully with role "Teacher"
2026-08-05 16:19:51.629 +06:00 [ERR] [AssignmentManagement.Api.Middleware.ExceptionMiddleware] Unhandled exception occurred while processing request PUT /api/assignments/13
FluentValidation.AsyncValidatorInvokedSynchronouslyException: Validator "UpdateAssignmentRequestDtoValidator" can't be used with ASP.NET automatic validation as it contains asynchronous rules. ASP.NET's validation pipeline is not asynchronous and can't invoke asynchronous rules. Remove the asynchronous rules in order for this validator to run.
   at FluentValidation.AbstractValidator`1.Validate(ValidationContext`1 context) in /_/src/FluentValidation/AbstractValidator.cs:line 207
   at FluentValidation.AbstractValidator`1.FluentValidation.IValidator.Validate(IValidationContext context) in /_/src/FluentValidation/AbstractValidator.cs:line 153
   at FluentValidation.AspNetCore.FluentValidationModelValidator.Validate(ModelValidationContext mvContext) in /_/src/FluentValidation.AspNetCore/FluentValidationModelValidatorProvider.cs:line 150
   at Microsoft.AspNetCore.Mvc.ModelBinding.Validation.ValidationVisitor.ValidateNode()
   at Microsoft.AspNetCore.Mvc.ModelBinding.Validation.ValidationVisitor.VisitComplexType(IValidationStrategy defaultStrategy)
   at Microsoft.AspNetCore.Mvc.ModelBinding.Validation.ValidationVisitor.VisitImplementation(ModelMetadata& metadata, String& key, Object model)
   at Microsoft.AspNetCore.Mvc.ModelBinding.ParameterBinder.BindModelAsync(ActionContext actionContext, IModelBinder modelBinder, IValueProvider valueProvider, ParameterDescriptor parameter, ModelMetadata metadata, Object value, Object container)
   at Microsoft.AspNetCore.Mvc.Controllers.ControllerBinderDelegateProvider.<>c__DisplayClass0_0.<<CreateBinderDelegate>g__Bind|0>d.MoveNext()
--- End of stack trace from previous location ---
   at Microsoft.AspNetCore.Mvc.Infrastructure.ControllerActionInvoker.<InvokeInnerFilterAsync>g__Awaited|13_0(ControllerActionInvoker invoker, Task lastTask, State next, Scope scope, Object state, Boolean isCompleted)
   at Microsoft.AspNetCore.Mvc.Infrastructure.ResourceInvoker.<InvokeFilterPipelineAsync>g__Awaited|20_0(ResourceInvoker invoker, Task lastTask, State next, Scope scope, Object state, Boolean isCompleted)
   at Microsoft.AspNetCore.Mvc.Infrastructure.ResourceInvoker.<InvokeAsync>g__Awaited|17_0(ResourceInvoker invoker, Task task, IDisposable scope)
   at Microsoft.AspNetCore.Mvc.Infrastructure.ResourceInvoker.<InvokeAsync>g__Awaited|17_0(ResourceInvoker invoker, Task task, IDisposable scope)
   at Microsoft.AspNetCore.Authorization.AuthorizationMiddleware.Invoke(HttpContext context)
   at Microsoft.AspNetCore.Authentication.AuthenticationMiddleware.Invoke(HttpContext context)
   at AssignmentManagement.Api.Middleware.ExceptionMiddleware.InvokeAsync(HttpContext context) in C:\Users\Tarek\Desktop\assignment\src\AssignmentManagement.Api\Middleware\ExceptionMiddleware.cs:line 23
2026-08-05 16:22:00.778 +06:00 [INF] [Microsoft.Hosting.Lifetime] Now listening on: http://localhost:5000
2026-08-05 16:22:00.801 +06:00 [INF] [Microsoft.Hosting.Lifetime] Application started. Press Ctrl+C to shut down.
2026-08-05 16:22:00.802 +06:00 [INF] [Microsoft.Hosting.Lifetime] Hosting environment: Production
2026-08-05 16:22:00.802 +06:00 [INF] [Microsoft.Hosting.Lifetime] Content root path: C:\Users\Tarek\Desktop\assignment\src\AssignmentManagement.Api
2026-08-05 16:22:11.509 +06:00 [WRN] [Microsoft.AspNetCore.HttpsPolicy.HttpsRedirectionMiddleware] Failed to determine the https port for redirect.
2026-08-05 16:22:29.660 +06:00 [INF] [AssignmentManagement.Application.Services.AuthService] User 5 (teacher4@school.edu.bd) logged out
2026-08-05 16:22:30.806 +06:00 [INF] [AssignmentManagement.Application.Services.AuthService] User 1 (admin@example.com) logged in successfully with role "Admin"
2026-08-05 16:25:46.687 +06:00 [INF] [AssignmentManagement.Application.Services.AuthService] User 1 (admin@example.com) logged out
2026-08-05 16:25:50.581 +06:00 [INF] [AssignmentManagement.Application.Services.AuthService] User 31 (student15@school.edu.bd) logged in successfully with role "Student"
2026-08-05 16:27:45.219 +06:00 [INF] [AssignmentManagement.Application.Services.AuthService] User 31 (student15@school.edu.bd) logged out
2026-08-05 16:27:57.867 +06:00 [INF] [AssignmentManagement.Application.Services.AuthService] User 1 (admin@example.com) logged in successfully with role "Admin"
2026-08-05 16:28:02.516 +06:00 [INF] [AssignmentManagement.Application.Services.AuthService] User 1 (admin@example.com) logged out
2026-08-05 16:28:07.620 +06:00 [INF] [AssignmentManagement.Application.Services.AuthService] User 1 (admin@example.com) logged in successfully with role "Admin"
2026-08-05 16:31:05.307 +06:00 [INF] [AssignmentManagement.Application.Services.AuthService] User 1 (admin@example.com) logged out
2026-08-05 16:31:15.509 +06:00 [INF] [AssignmentManagement.Application.Services.AuthService] User 1 (admin@example.com) logged in successfully with role "Admin"
2026-08-05 16:31:55.740 +06:00 [INF] [Microsoft.Hosting.Lifetime] Now listening on: http://localhost:5000
2026-08-05 16:31:55.763 +06:00 [INF] [Microsoft.Hosting.Lifetime] Application started. Press Ctrl+C to shut down.
2026-08-05 16:31:55.764 +06:00 [INF] [Microsoft.Hosting.Lifetime] Hosting environment: Production
2026-08-05 16:31:55.764 +06:00 [INF] [Microsoft.Hosting.Lifetime] Content root path: C:\Users\Tarek\Desktop\assignment\src\AssignmentManagement.Api
2026-08-05 16:32:03.912 +06:00 [WRN] [Microsoft.AspNetCore.HttpsPolicy.HttpsRedirectionMiddleware] Failed to determine the https port for redirect.
2026-08-05 16:32:04.364 +06:00 [INF] [AssignmentManagement.Application.Services.AuthService] User 1 (admin@example.com) logged in successfully with role "Admin"
2026-08-05 16:32:06.605 +06:00 [INF] [AssignmentManagement.Application.Services.AuthService] User 1 (admin@example.com) logged out
2026-08-05 16:32:08.917 +06:00 [INF] [AssignmentManagement.Application.Services.AuthService] User 27 (student11@school.edu.bd) logged in successfully with role "Student"
2026-08-05 16:33:10.692 +06:00 [INF] [AssignmentManagement.Application.Services.AuthService] User 27 (student11@school.edu.bd) logged out
2026-08-05 16:33:13.433 +06:00 [INF] [AssignmentManagement.Application.Services.AuthService] User 2 (teacher@example.com) logged in successfully with role "Teacher"
2026-08-05 16:37:41.950 +06:00 [INF] [Microsoft.Hosting.Lifetime] Now listening on: http://localhost:5000
2026-08-05 16:37:41.973 +06:00 [INF] [Microsoft.Hosting.Lifetime] Application started. Press Ctrl+C to shut down.
2026-08-05 16:37:41.973 +06:00 [INF] [Microsoft.Hosting.Lifetime] Hosting environment: Production
2026-08-05 16:37:41.973 +06:00 [INF] [Microsoft.Hosting.Lifetime] Content root path: C:\Users\Tarek\Desktop\assignment\src\AssignmentManagement.Api
2026-08-05 16:38:04.958 +06:00 [WRN] [Microsoft.AspNetCore.HttpsPolicy.HttpsRedirectionMiddleware] Failed to determine the https port for redirect.
2026-08-05 16:41:10.650 +06:00 [INF] [Microsoft.Hosting.Lifetime] Now listening on: http://localhost:5000
2026-08-05 16:41:10.672 +06:00 [INF] [Microsoft.Hosting.Lifetime] Application started. Press Ctrl+C to shut down.
2026-08-05 16:41:10.672 +06:00 [INF] [Microsoft.Hosting.Lifetime] Hosting environment: Production
2026-08-05 16:41:10.672 +06:00 [INF] [Microsoft.Hosting.Lifetime] Content root path: C:\Users\Tarek\Desktop\assignment\src\AssignmentManagement.Api
2026-08-05 16:41:17.574 +06:00 [WRN] [Microsoft.AspNetCore.HttpsPolicy.HttpsRedirectionMiddleware] Failed to determine the https port for redirect.
2026-08-05 16:43:26.115 +06:00 [INF] [Microsoft.Hosting.Lifetime] Now listening on: http://localhost:5000
2026-08-05 16:43:26.141 +06:00 [INF] [Microsoft.Hosting.Lifetime] Application started. Press Ctrl+C to shut down.
2026-08-05 16:43:26.142 +06:00 [INF] [Microsoft.Hosting.Lifetime] Hosting environment: Production
2026-08-05 16:43:26.142 +06:00 [INF] [Microsoft.Hosting.Lifetime] Content root path: C:\Users\Tarek\Desktop\assignment\src\AssignmentManagement.Api
2026-08-05 16:44:24.621 +06:00 [WRN] [Microsoft.AspNetCore.HttpsPolicy.HttpsRedirectionMiddleware] Failed to determine the https port for redirect.
2026-08-05 16:46:49.887 +06:00 [INF] [AssignmentManagement.Application.Services.AssignmentService] Assignment 11 'Physics Lab: Ohm's Law & Circuit Resistance Report (Class 6)' updated by Teacher User 2
2026-08-05 16:47:08.658 +06:00 [INF] [AssignmentManagement.Application.Services.AssignmentService] Assignment 12 'Physics Problem Set: Laws of Motion & Momentum' updated by Teacher User 2
2026-08-05 16:49:56.900 +06:00 [INF] [Microsoft.Hosting.Lifetime] Now listening on: http://localhost:5000
2026-08-05 16:49:56.924 +06:00 [INF] [Microsoft.Hosting.Lifetime] Application started. Press Ctrl+C to shut down.
2026-08-05 16:49:56.924 +06:00 [INF] [Microsoft.Hosting.Lifetime] Hosting environment: Production
2026-08-05 16:49:56.924 +06:00 [INF] [Microsoft.Hosting.Lifetime] Content root path: C:\Users\Tarek\Desktop\assignment\src\AssignmentManagement.Api
2026-08-05 16:49:57.245 +06:00 [WRN] [Microsoft.AspNetCore.HttpsPolicy.HttpsRedirectionMiddleware] Failed to determine the https port for redirect.
2026-08-05 16:51:51.161 +06:00 [INF] [AssignmentManagement.Application.Services.AuthService] User 2 (teacher@example.com) logged out
2026-08-05 16:51:52.762 +06:00 [INF] [AssignmentManagement.Application.Services.AuthService] User 27 (student11@school.edu.bd) logged in successfully with role "Student"
2026-08-05 16:52:55.159 +06:00 [INF] [AssignmentManagement.Application.Services.AuthService] User 27 (student11@school.edu.bd) logged out
2026-08-05 16:53:01.040 +06:00 [INF] [AssignmentManagement.Application.Services.AuthService] User 21 (student5@school.edu.bd) logged in successfully with role "Student"
2026-08-05 16:53:57.674 +06:00 [INF] [AssignmentManagement.Application.Services.AuthService] User 21 (student5@school.edu.bd) logged out
